Dump	Proposal:
Dump	Create swap volume /dev/sda1 (2.01 GB)
Dump	Create root volume /dev/sda2 (20.00 GB) with ext4
Dump	Create volume /dev/sda3 (276.08 GB) for /home with ext4
