Dump	Proposal:
Dump	Create boot volume /dev/sda1 (400.06 MiB) with ext4
Dump	Create volume /dev/sda2 (29.96 GiB)
Dump	Create volume group system (29.95 GiB) from /dev/sda2 [destructive]
Dump	Create logical volume /dev/system/home (19.45 GiB) for /home with ext4
Dump	Create logical volume /dev/system/root (10.00 GiB) for / with ext4
Dump	Create swap logical volume /dev/system/swap (512.00 MiB)
