Dump	Proposal:
Dump	Create swap volume /dev/sda1 (517.72 MiB)
Dump	Create root volume /dev/sda2 (297.58 GiB) with ext4
