Dump	Proposal:
Dump	Create boot volume /dev/sda1 (156.88 MiB) with vfat
Dump	Create swap volume /dev/sda2 (2.01 GiB)
Dump	Create root volume /dev/sda3 (20.00 GiB) with ext4
Dump	Create volume /dev/sda4 (275.93 GiB) for /home with ext4
