Dump	Proposal:
Dump	Create boot volume /dev/sda1 (156.88 MiB) with vfat
Dump	Create swap volume /dev/sda2 (517.72 MiB)
Dump	Create root volume /dev/sda3 (297.43 GiB) with ext4
