Dump	Proposal:
Dump	Create volume /dev/sda1 (203.95 MiB) for /boot/zipl with ext2
Dump	Create swap volume /dev/sda2 (517.72 MiB)
Dump	Create root volume /dev/sda3 (297.38 GiB) with btrfs
Dump	Create subvolume boot/grub2/s390x on device /dev/sda3
Dump	Create subvolume home on device /dev/sda3
Dump	Create subvolume opt on device /dev/sda3
Dump	Create subvolume srv on device /dev/sda3
Dump	Create subvolume tmp on device /dev/sda3
Dump	Create subvolume usr/local on device /dev/sda3
Dump	Create subvolume var/crash on device /dev/sda3
Dump	Create subvolume var/log on device /dev/sda3
Dump	Create subvolume var/opt on device /dev/sda3
Dump	Create subvolume var/spool on device /dev/sda3
Dump	Create subvolume var/tmp on device /dev/sda3
Dump	
Dump	Extra Data:
Dump	device:/dev/sda3 userdata:{"/"=>"snapshots"}
