Dump	Proposal:
Dump	Create PReP volume /dev/sda1 (7.84 MiB)
Dump	Create volume /dev/sda2 (298.08 GiB)
Dump	Create volume group system (298.07 GiB) from /dev/sda2 [destructive]
Dump	Create logical volume /dev/system/home (50.00 GiB) for /home with xfs
Dump	Create root volume /dev/system/root (20.00 GiB) with btrfs
Dump	Create swap logical volume /dev/system/swap (768.00 MiB)
Dump	Create subvolume boot/grub2/powerpc-ieee1275 on device /dev/system/root
Dump	Create subvolume opt on device /dev/system/root
Dump	Create subvolume srv on device /dev/system/root
Dump	Create subvolume tmp on device /dev/system/root
Dump	Create subvolume usr/local on device /dev/system/root
Dump	Create subvolume var/crash on device /dev/system/root
Dump	Create subvolume var/lib/mailman on device /dev/system/root
Dump	Create subvolume var/lib/named on device /dev/system/root
Dump	Create subvolume var/lib/pgsql on device /dev/system/root
Dump	Create subvolume var/log on device /dev/system/root
Dump	Create subvolume var/opt on device /dev/system/root
Dump	Create subvolume var/spool on device /dev/system/root
Dump	Create subvolume var/tmp on device /dev/system/root
Dump	
Dump	Target Map Excerpt:
Dump	device:/dev/sda label:msdos
Dump	device:/dev/sda1 fsid:0x41
Dump	device:/dev/sda2 fsid:0x8e
Dump	device:/dev/system/root userdata:{"/"=>"snapshots"}
Dump	device:/dev/system/swap
Dump	device:/dev/system/home
