Dump	Proposal:
Dump	Create boot volume /dev/sda1 (400.06 MB) with ext4
Dump	Create volume /dev/sda2 (297.70 GB)
Dump	Create volume group system (297.70 GB) from /dev/sda2 [destructive]
Dump	Create logical volume /dev/system/root (10.00 GB) for / with ext4
Dump	Create swap logical volume /dev/system/swap (768.00 MB)
