Dump	Hardware Excerpt:
Dump	Arch: ppc64
Dump	
Dump	Proposal Settings Excerpt:
Dump	
Dump	Proposal:
Dump	Create PReP volume /dev/sda1 (7.84 MiB)
Dump	Create swap volume /dev/sda2 (1.00 GiB)
Dump	Create volume /dev/sda3 (289.07 GiB) for /data with btrfs
Dump	Create root volume /dev/sda4 (8.01 GiB) with btrfs
Dump	Create subvolume boot/grub2/powerpc-ieee1275 on device /dev/sda4
Dump	Create subvolume home on device /dev/sda4
Dump	Create subvolume opt on device /dev/sda4
Dump	Create subvolume srv on device /dev/sda4
Dump	Create subvolume tmp on device /dev/sda4
Dump	Create subvolume usr/local on device /dev/sda4
Dump	Create subvolume var/crash on device /dev/sda4
Dump	Create subvolume var/lib/libvirt/images on device /dev/sda4 with option "no copy on write"
Dump	Create subvolume var/lib/mailman on device /dev/sda4
Dump	Create subvolume var/lib/mariadb on device /dev/sda4 with option "no copy on write"
Dump	Create subvolume var/lib/named on device /dev/sda4
Dump	Create subvolume var/lib/pgsql on device /dev/sda4 with option "no copy on write"
Dump	Create subvolume var/log on device /dev/sda4
Dump	Create subvolume var/opt on device /dev/sda4
Dump	Create subvolume var/spool on device /dev/sda4
Dump	Create subvolume var/tmp on device /dev/sda4
Dump	
Dump	Target Map Excerpt:
Dump	device:/dev/sda label:msdos
Dump	device:/dev/sda1 fsid:0x41
Dump	device:/dev/sda2 fsid:0x82
Dump	device:/dev/sda3 fsid:0x83
Dump	device:/dev/sda4 fsid:0x83
Dump	
Dump	Proposal Feedback:
Dump	Cound not do snapshots.
