Dump	Proposal:
Dump	Create extended partition /dev/sda3 (147.09 GiB)
Dump	Create swap volume /dev/sda5 (2.01 GiB)
Dump	Create root volume /dev/sda6 (20.00 GiB) with ext4
Dump	Create volume /dev/sda7 (125.08 GiB) for /home with ext4
