Dump	Proposal:
Dump	Format partition /dev/sda2 (15.01 GiB) for / with ext4 [destructive]
Dump	Use /dev/sda1 as swap
Dump	Set mount point of /dev/sda3 to /home
