Dump	Proposal:
Dump	Shrink Windows partition /dev/sda1 to 33.21 GiB [destructive]
Dump	Create extended partition /dev/sda2 (41.32 GiB)
Dump	Create swap volume /dev/sda5 (517.72 MiB)
Dump	Create root volume /dev/sda6 (16.50 GiB) with ext4
Dump	Create volume /dev/sda7 (24.31 GiB) for /home with ext4
