Dump	Proposal:
Dump	Create extended partition /dev/sda2 (34.52 GiB)
Dump	Create swap volume /dev/sda5 (517.72 MiB)
Dump	Create root volume /dev/sda6 (15.01 GiB) with ext4
Dump	Create volume /dev/sda7 (19.01 GiB) for /home with ext4
