Dump	Proposal:
Dump	Shrink Windows partition /dev/sda2 to 7.78 GiB [destructive]
Dump	Create swap volume /dev/sda3 (517.72 MiB)
Dump	Create root volume /dev/sda4 (7.62 GiB) with btrfs
Dump	Create subvolume boot/grub2/i386-pc on device /dev/sda4
Dump	Create subvolume boot/grub2/x86_64-efi on device /dev/sda4
Dump	Create subvolume opt on device /dev/sda4
Dump	Create subvolume srv on device /dev/sda4
Dump	Create subvolume tmp on device /dev/sda4
Dump	Create subvolume usr/local on device /dev/sda4
Dump	Create subvolume var/crash on device /dev/sda4
Dump	Create subvolume var/log on device /dev/sda4
Dump	Create subvolume var/opt on device /dev/sda4
Dump	Create subvolume var/spool on device /dev/sda4
Dump	Create subvolume var/tmp on device /dev/sda4
Dump	Set mount point of /dev/sda1 to /boot/efi
