Dump	Proposal:
Dump	Create boot volume /dev/sda1 (70.60 MB) with vfat
Dump	Create swap volume /dev/sda2 (517.72 MB)
Dump	Create root volume /dev/sda3 (297.51 GB) with ext4
