Dump	Proposal:
Dump	Create boot volume /dev/sda1 (70.60 MB) with ext4
Dump	Create volume /dev/sda2 (298.02 GB)
Dump	Create volume group system from /dev/sda2 [destructive]
Dump	Create logical volume /dev/system/root (10.00 GB) for / with ext4
Dump	Create swap logical volume /dev/system/swap (768.00 MB)
