Dump	Proposal:
Dump	Create boot volume /dev/sda1 (156.88 MB) with ext4
Dump	Create volume /dev/sda2 (29.98 GB)
Dump	Create volume group system (29.98 GB) from /dev/sda2 [destructive]
Dump	Create logical volume /dev/system/home (19.48 GB) for /home with ext4
Dump	Create logical volume /dev/system/root (10.00 GB) for / with ext4
Dump	Create swap logical volume /dev/system/swap (512.00 MB)
