Dump	Proposal:
Dump	Create boot volume /dev/sda1 (400.06 MB) with ext4
Dump	Create volume /dev/sda2 (29.96 GB)
Dump	Create volume group system (29.96 GB) from /dev/sda2 [destructive]
Dump	Create logical volume /dev/system/root (10.00 GB) for / with ext4
Dump	Create swap logical volume /dev/system/swap (512.00 MB)
