Proposal:
Create swap partition /dev/sda1 (517.72 MB)
Create root partition /dev/sda2 (297.58 GB) with ext4
