Dump	Proposal:
Dump	Create boot volume /dev/sda1 (70.60 MB) with vfat
Dump	Create swap volume /dev/sda2 (2.01 GB)
Dump	Create root volume /dev/sda3 (20.00 GB) with ext4
Dump	Create volume /dev/sda4 (276.01 GB) for /home with ext4
