Proposal:
Create boot partition /dev/sda1 (70.60 MB) with ext4
Create partition /dev/sda2 (298.02 GB) with id=8E
Create volume group system from /dev/sda2 [destructive]
Create logical volume /dev/system/home (25.00 GB) for /home with ext4
Create logical volume /dev/system/root (10.00 GB) for / with ext4
Create swap logical volume /dev/system/swap (768.00 MB)
