Dump	Proposal:
Dump	Create swap partition /dev/sda1 (2.01 GB)
Dump	Create root partition /dev/sda2 (20.00 GB) with ext4
Dump	Create partition /dev/sda3 (276.08 GB) for /home with ext4
