Dump	Proposal:
Dump	Create extended partition /dev/sda3 (147.09 GB)
Dump	Create swap partition /dev/sda5 (2.01 GB)
Dump	Create root partition /dev/sda6 (20.00 GB) with ext4
Dump	Create partition /dev/sda7 (125.08 GB) for /home with ext4
