Proposal:
Format partition /dev/sda2 (15.01 GB) for / with ext4 [destructive]
Use /dev/sda1 as swap
Set mount point of /dev/sda3 to /home
