Dump	Proposal:
Dump	Create extended partition /dev/sda2 (34.52 GB)
Dump	Create swap partition /dev/sda5 (517.72 MB)
Dump	Create root partition /dev/sda6 (15.01 GB) with ext4
Dump	Create partition /dev/sda7 (19.01 GB) for /home with ext4
Dump	Set mount point of /dev/sda1 to /windows/C
