Proposal:
Shrink Windows partition /dev/sda1 to 33.21 GB [destructive]
Create extended partition /dev/sda2 (41.32 GB)
Create swap partition /dev/sda5 (517.72 MB)
Create root partition /dev/sda6 (16.50 GB) with ext4
Create partition /dev/sda7 (24.31 GB) for /home with ext4
